<?xml version="1.0" encoding="UTF-8"?>
<testsuites name="jest tests" tests="2" failures="0" errors="0" time="1.75">
  <testsuite name="UPLOAD" errors="0" failures="0" skipped="0" timestamp="2024-04-19T02:50:04" time="1.705" tests="2">
    <testcase classname="UPLOAD upload single document" name="UPLOAD upload single document" time="0.432">
    </testcase>
    <testcase classname="UPLOAD upload single documents" name="UPLOAD upload single documents" time="0.395">
    </testcase>
  </testsuite>
</testsuites>