<?xml version="1.0" encoding="UTF-8"?>
<testsuites name="jest tests" tests="2" failures="0" errors="0" time="1.605">
  <testsuite name="UPLOAD" errors="0" failures="0" skipped="0" timestamp="2024-04-19T03:24:49" time="1.561" tests="2">
    <testcase classname="UPLOAD upload single document" name="UPLOAD upload single document" time="0.391">
    </testcase>
    <testcase classname="UPLOAD upload single documents" name="UPLOAD upload single documents" time="0.4">
    </testcase>
  </testsuite>
</testsuites>